[0.004s][info][gc] Using Serial
[3.896s][info][gc] GC(0) Pause Young (Allocation Failure) 4M->2M(15M) 3.607ms
[3.955s][info][gc] GC(1) Pause Young (Allocation Failure) 6M->2M(15M) 2.641ms
[3.997s][info][gc] GC(2) Pause Young (Allocation Failure) 7M->3M(15M) 1.386ms
[4.220s][info][gc] GC(3) Pause Young (Allocation Failure) 7M->3M(15M) 1.638ms
[7.425s][info][gc] GC(4) Pause Young (Allocation Failure) 7M->4M(15M) 3.207ms
[41.435s][info][gc] GC(5) Pause Young (Allocation Failure) 8M->4M(15M) 1.661ms
[46.417s][info][gc] GC(6) Pause Young (Allocation Failure) 8M->6M(15M) 2.593ms
[46.430s][info][gc] GC(7) Pause Young (Allocation Failure) 10M->8M(15M) 3.595ms
[46.442s][info][gc] GC(8) Pause Young (Allocation Failure) 12M->10M(15M) 2.873ms
[46.452s][info][gc] GC(9) Pause Young (Allocation Failure) 14M->14M(15M) 0.033ms
[46.472s][info][gc] GC(10) Pause Full (Allocation Failure) 14M->9M(15M) 19.823ms
[46.479s][info][gc] GC(11) Pause Young (Allocation Failure) 13M->13M(15M) 0.030ms
[46.495s][info][gc] GC(12) Pause Full (Allocation Failure) 13M->9M(15M) 15.238ms
[46.501s][info][gc] GC(13) Pause Young (Allocation Failure) 13M->13M(15M) 0.032ms
[46.514s][info][gc] GC(14) Pause Full (Allocation Failure) 13M->6M(15M) 12.465ms
[74.457s][info][gc] GC(15) Pause Young (Allocation Failure) 11M->7M(15M) 1.322ms
[111.443s][info][gc] GC(16) Pause Young (Allocation Failure) 11M->7M(15M) 0.579ms
[125.682s][info][gc] GC(17) Pause Young (Allocation Failure) 11M->8M(15M) 1.611ms
[125.690s][info][gc] GC(18) Pause Young (Allocation Failure) 13M->10M(15M) 2.523ms
[125.696s][info][gc] GC(19) Pause Young (Allocation Failure) 15M->15M(15M) 0.022ms
[125.714s][info][gc] GC(20) Pause Full (Allocation Failure) 15M->7M(15M) 18.103ms
[125.723s][info][gc] GC(21) Pause Young (Allocation Failure) 12M->10M(15M) 2.961ms
[125.729s][info][gc] GC(22) Pause Young (Allocation Failure) 14M->14M(15M) 0.027ms
[125.743s][info][gc] GC(23) Pause Full (Allocation Failure) 14M->7M(15M) 14.098ms
[125.753s][info][gc] GC(24) Pause Young (Allocation Failure) 12M->10M(15M) 3.086ms
[144.450s][info][gc] GC(25) Pause Young (Allocation Failure) 14M->14M(15M) 0.040ms
[144.463s][info][gc] GC(26) Pause Full (Allocation Failure) 14M->6M(15M) 12.132ms
[182.547s][info][gc] GC(27) Pause Young (Allocation Failure) 10M->6M(15M) 0.788ms
