[0.005s][info][gc] Using Parallel
[1.079s][info][gc] GC(0) Pause Young (Allocation Failure) 3M->1M(11M) 1.990ms
[3.571s][info][gc] GC(1) Pause Young (Allocation Failure) 4M->2M(11M) 1.312ms
[3.611s][info][gc] GC(2) Pause Young (Allocation Failure) 5M->3M(11M) 1.085ms
[3.639s][info][gc] GC(3) Pause Young (Allocation Failure) 6M->4M(11M) 1.586ms
[3.654s][info][gc] GC(4) Pause Young (Allocation Failure) 7M->5M(11M) 1.762ms
[3.914s][info][gc] GC(5) Pause Young (Allocation Failure) 8M->6M(10M) 1.950ms
[3.987s][info][gc] GC(6) Pause Young (Allocation Failure) 8M->6M(11M) 1.331ms
[3.995s][info][gc] GC(7) Pause Full (Ergonomics) 6M->4M(11M) 8.358ms
[8.010s][info][gc] GC(8) Pause Young (Allocation Failure) 6M->4M(11M) 0.514ms
[23.023s][info][gc] GC(9) Pause Young (Allocation Failure) 6M->4M(11M) 0.382ms
[40.037s][info][gc] GC(10) Pause Young (Allocation Failure) 6M->4M(11M) 0.449ms
[57.052s][info][gc] GC(11) Pause Young (Allocation Failure) 6M->4M(11M) 0.377ms
[74.063s][info][gc] GC(12) Pause Young (Allocation Failure) 6M->4M(11M) 0.212ms
[91.078s][info][gc] GC(13) Pause Young (Allocation Failure) 6M->4M(11M) 0.210ms
[100.085s][info][gc] GC(14) Pause Young (Allocation Failure) 6M->5M(11M) 0.329ms
[118.096s][info][gc] GC(15) Pause Young (Allocation Failure) 7M->5M(11M) 0.245ms
[136.109s][info][gc] GC(16) Pause Young (Allocation Failure) 7M->5M(11M) 0.196ms
[154.125s][info][gc] GC(17) Pause Young (Allocation Failure) 7M->5M(11M) 0.191ms
[172.090s][info][gc] GC(18) Pause Young (Allocation Failure) 7M->5M(11M) 0.222ms
[189.152s][info][gc] GC(19) Pause Young (Allocation Failure) 7M->5M(11M) 0.184ms
[207.166s][info][gc] GC(20) Pause Young (Allocation Failure) 7M->5M(11M) 0.253ms
[225.180s][info][gc] GC(21) Pause Young (Allocation Failure) 7M->5M(11M) 0.213ms
[243.193s][info][gc] GC(22) Pause Young (Allocation Failure) 7M->5M(11M) 0.178ms
[261.206s][info][gc] GC(23) Pause Young (Allocation Failure) 7M->5M(11M) 0.225ms
[279.221s][info][gc] GC(24) Pause Young (Allocation Failure) 7M->5M(11M) 0.255ms
[297.235s][info][gc] GC(25) Pause Young (Allocation Failure) 7M->5M(11M) 0.236ms
[315.247s][info][gc] GC(26) Pause Young (Allocation Failure) 7M->5M(11M) 0.238ms
[333.260s][info][gc] GC(27) Pause Young (Allocation Failure) 7M->5M(11M) 0.277ms
[351.269s][info][gc] GC(28) Pause Young (Allocation Failure) 7M->5M(11M) 0.225ms
[369.284s][info][gc] GC(29) Pause Young (Allocation Failure) 7M->5M(11M) 0.245ms
[387.296s][info][gc] GC(30) Pause Young (Allocation Failure) 7M->5M(11M) 0.252ms
[405.307s][info][gc] GC(31) Pause Young (Allocation Failure) 7M->5M(11M) 0.214ms
[423.319s][info][gc] GC(32) Pause Young (Allocation Failure) 7M->5M(11M) 0.220ms
[441.203s][info][gc] GC(33) Pause Young (Allocation Failure) 7M->5M(11M) 0.226ms
[459.213s][info][gc] GC(34) Pause Young (Allocation Failure) 7M->5M(11M) 0.210ms
[477.359s][info][gc] GC(35) Pause Young (Allocation Failure) 7M->5M(11M) 0.199ms
[495.377s][info][gc] GC(36) Pause Young (Allocation Failure) 7M->5M(11M) 0.242ms
[512.704s][info][gc] GC(37) Pause Young (Allocation Failure) 7M->5M(11M) 0.186ms
[512.706s][info][gc] GC(38) Pause Young (Allocation Failure) 7M->6M(11M) 0.273ms
[512.709s][info][gc] GC(39) Pause Young (Allocation Failure) 8M->6M(11M) 0.235ms
[512.715s][info][gc] GC(40) Pause Young (Allocation Failure) 8M->6M(11M) 0.103ms
[512.722s][info][gc] GC(41) Pause Young (Allocation Failure) 8M->6M(11M) 0.107ms
[512.728s][info][gc] GC(42) Pause Young (Allocation Failure) 8M->6M(11M) 0.148ms
[512.730s][info][gc] GC(43) Pause Young (Allocation Failure) 8M->6M(11M) 0.115ms
[512.732s][info][gc] GC(44) Pause Young (Allocation Failure) 8M->6M(11M) 0.148ms
[512.735s][info][gc] GC(45) Pause Young (Allocation Failure) 8M->7M(11M) 0.150ms
[512.737s][info][gc] GC(46) Pause Young (Allocation Failure) 9M->7M(11M) 0.258ms
[512.751s][info][gc] GC(47) Pause Full (Ergonomics) 7M->6M(11M) 14.667ms
[512.753s][info][gc] GC(48) Pause Young (Allocation Failure) 8M->6M(11M) 0.173ms
[512.755s][info][gc] GC(49) Pause Young (Allocation Failure) 8M->6M(11M) 0.095ms
[512.757s][info][gc] GC(50) Pause Young (Allocation Failure) 8M->6M(11M) 0.099ms
[512.759s][info][gc] GC(51) Pause Young (Allocation Failure) 8M->6M(11M) 0.094ms
[512.761s][info][gc] GC(52) Pause Young (Allocation Failure) 8M->7M(11M) 0.116ms
[517.392s][info][gc] GC(53) Pause Young (Allocation Failure) 9M->6M(11M) 0.374ms
[535.405s][info][gc] GC(54) Pause Young (Allocation Failure) 8M->6M(11M) 0.331ms
[553.421s][info][gc] GC(55) Pause Young (Allocation Failure) 8M->6M(11M) 0.224ms
[571.437s][info][gc] GC(56) Pause Young (Allocation Failure) 8M->6M(11M) 0.222ms
[589.453s][info][gc] GC(57) Pause Young (Allocation Failure) 8M->6M(11M) 0.199ms
[606.465s][info][gc] GC(58) Pause Young (Allocation Failure) 8M->6M(11M) 0.226ms
[625.481s][info][gc] GC(59) Pause Young (Allocation Failure) 8M->6M(11M) 0.194ms
[643.493s][info][gc] GC(60) Pause Young (Allocation Failure) 8M->6M(11M) 0.224ms
[661.509s][info][gc] GC(61) Pause Young (Allocation Failure) 8M->6M(11M) 0.192ms
[680.317s][info][gc] GC(62) Pause Young (Allocation Failure) 8M->6M(11M) 0.235ms
[698.535s][info][gc] GC(63) Pause Young (Allocation Failure) 8M->6M(11M) 0.205ms
[725.559s][info][gc] GC(64) Pause Young (Allocation Failure) 9M->6M(11M) 0.178ms
[753.581s][info][gc] GC(65) Pause Young (Allocation Failure) 9M->6M(11M) 0.233ms
[781.605s][info][gc] GC(66) Pause Young (Allocation Failure) 9M->6M(11M) 0.250ms
[809.383s][info][gc] GC(67) Pause Young (Allocation Failure) 9M->6M(11M) 0.211ms
[836.648s][info][gc] GC(68) Pause Young (Allocation Failure) 9M->6M(11M) 0.204ms
[864.670s][info][gc] GC(69) Pause Young (Allocation Failure) 9M->6M(11M) 0.225ms
[892.415s][info][gc] GC(70) Pause Young (Allocation Failure) 9M->6M(11M) 0.186ms
[919.719s][info][gc] GC(71) Pause Young (Allocation Failure) 9M->6M(11M) 0.228ms
[947.744s][info][gc] GC(72) Pause Young (Allocation Failure) 9M->6M(11M) 0.187ms
[975.460s][info][gc] GC(73) Pause Young (Allocation Failure) 9M->6M(11M) 0.235ms
[993.783s][info][gc] GC(74) Pause Young (Allocation Failure) 9M->6M(11M) 0.217ms
[1021.804s][info][gc] GC(75) Pause Young (Allocation Failure) 9M->6M(11M) 0.274ms
[1048.824s][info][gc] GC(76) Pause Young (Allocation Failure) 9M->6M(11M) 0.269ms
[1076.847s][info][gc] GC(77) Pause Young (Allocation Failure) 9M->6M(11M) 0.211ms
[1104.867s][info][gc] GC(78) Pause Young (Allocation Failure) 9M->6M(11M) 0.238ms
[1132.889s][info][gc] GC(79) Pause Young (Allocation Failure) 9M->6M(11M) 0.198ms
[1160.907s][info][gc] GC(80) Pause Young (Allocation Failure) 9M->6M(11M) 0.258ms
[1188.927s][info][gc] GC(81) Pause Young (Allocation Failure) 9M->6M(11M) 0.196ms
[1215.949s][info][gc] GC(82) Pause Young (Allocation Failure) 9M->6M(11M) 0.185ms
[1243.970s][info][gc] GC(83) Pause Young (Allocation Failure) 9M->6M(11M) 0.189ms
[1271.984s][info][gc] GC(84) Pause Young (Allocation Failure) 9M->6M(11M) 0.206ms
[1300.002s][info][gc] GC(85) Pause Young (Allocation Failure) 9M->6M(11M) 0.242ms
[1328.018s][info][gc] GC(86) Pause Young (Allocation Failure) 9M->6M(11M) 0.239ms
[1356.039s][info][gc] GC(87) Pause Young (Allocation Failure) 9M->6M(11M) 0.225ms
[1384.062s][info][gc] GC(88) Pause Young (Allocation Failure) 9M->6M(11M) 0.228ms
[1411.685s][info][gc] GC(89) Pause Young (Allocation Failure) 9M->6M(11M) 0.275ms
[1439.697s][info][gc] GC(90) Pause Young (Allocation Failure) 9M->6M(11M) 0.251ms
[1467.112s][info][gc] GC(91) Pause Young (Allocation Failure) 9M->7M(11M) 0.200ms
[1495.132s][info][gc] GC(92) Pause Young (Allocation Failure) 10M->7M(11M) 0.223ms
[1523.151s][info][gc] GC(93) Pause Young (Allocation Failure) 10M->7M(11M) 0.211ms
[1551.174s][info][gc] GC(94) Pause Young (Allocation Failure) 10M->7M(11M) 0.227ms
[1579.194s][info][gc] GC(95) Pause Young (Allocation Failure) 10M->7M(11M) 0.177ms
[1607.218s][info][gc] GC(96) Pause Young (Allocation Failure) 10M->7M(11M) 0.180ms
[1635.241s][info][gc] GC(97) Pause Young (Allocation Failure) 10M->7M(11M) 0.253ms
[1663.261s][info][gc] GC(98) Pause Young (Allocation Failure) 10M->7M(11M) 0.214ms
[1691.286s][info][gc] GC(99) Pause Young (Allocation Failure) 10M->7M(11M) 0.192ms
[1719.306s][info][gc] GC(100) Pause Young (Allocation Failure) 10M->7M(11M) 0.193ms
[1747.330s][info][gc] GC(101) Pause Young (Allocation Failure) 10M->7M(11M) 0.178ms
[1775.866s][info][gc] GC(102) Pause Young (Allocation Failure) 10M->7M(11M) 0.210ms
[1804.001s][info][gc] GC(103) Pause Young (Allocation Failure) 10M->6M(11M) 0.261ms
[1822.384s][info][gc] GC(104) Pause Young (Allocation Failure) 9M->7M(11M) 0.422ms
[1822.395s][info][gc] GC(105) Pause Full (Ergonomics) 7M->5M(11M) 11.165ms
[1848.398s][info][gc] GC(106) Pause Young (Allocation Failure) 8M->5M(11M) 0.270ms
[1876.418s][info][gc] GC(107) Pause Young (Allocation Failure) 8M->5M(11M) 0.246ms
[1904.440s][info][gc] GC(108) Pause Young (Allocation Failure) 8M->5M(11M) 0.224ms
[1932.460s][info][gc] GC(109) Pause Young (Allocation Failure) 8M->5M(11M) 0.219ms
[1960.960s][info][gc] GC(110) Pause Young (Allocation Failure) 8M->5M(11M) 0.251ms
[1989.503s][info][gc] GC(111) Pause Young (Allocation Failure) 8M->5M(11M) 0.243ms
[2017.525s][info][gc] GC(112) Pause Young (Allocation Failure) 8M->5M(11M) 0.197ms
[2045.549s][info][gc] GC(113) Pause Young (Allocation Failure) 8M->5M(11M) 0.234ms
[2073.575s][info][gc] GC(114) Pause Young (Allocation Failure) 8M->5M(11M) 0.286ms
[2101.601s][info][gc] GC(115) Pause Young (Allocation Failure) 8M->5M(11M) 0.209ms
[2129.030s][info][gc] GC(116) Pause Young (Allocation Failure) 8M->5M(11M) 0.238ms
[2157.042s][info][gc] GC(117) Pause Young (Allocation Failure) 8M->5M(11M) 0.260ms
[2185.663s][info][gc] GC(118) Pause Young (Allocation Failure) 8M->5M(11M) 0.249ms
[2213.681s][info][gc] GC(119) Pause Young (Allocation Failure) 8M->5M(11M) 0.289ms
[2241.707s][info][gc] GC(120) Pause Young (Allocation Failure) 8M->5M(11M) 0.298ms
[2269.728s][info][gc] GC(121) Pause Young (Allocation Failure) 8M->5M(11M) 0.236ms
[2297.751s][info][gc] GC(122) Pause Young (Allocation Failure) 8M->5M(11M) 0.207ms
[2326.124s][info][gc] GC(123) Pause Young (Allocation Failure) 8M->5M(11M) 0.185ms
[2354.133s][info][gc] GC(124) Pause Young (Allocation Failure) 8M->5M(11M) 0.201ms
[2382.822s][info][gc] GC(125) Pause Young (Allocation Failure) 8M->5M(11M) 0.198ms
[2409.846s][info][gc] GC(126) Pause Young (Allocation Failure) 8M->5M(11M) 0.191ms
[2437.870s][info][gc] GC(127) Pause Young (Allocation Failure) 8M->5M(11M) 0.262ms
[2465.892s][info][gc] GC(128) Pause Young (Allocation Failure) 8M->5M(11M) 0.221ms
[2493.913s][info][gc] GC(129) Pause Young (Allocation Failure) 8M->5M(11M) 0.229ms
[2522.220s][info][gc] GC(130) Pause Young (Allocation Failure) 8M->5M(11M) 0.214ms
[2550.235s][info][gc] GC(131) Pause Young (Allocation Failure) 8M->5M(11M) 0.196ms
[2578.977s][info][gc] GC(132) Pause Young (Allocation Failure) 8M->5M(11M) 0.223ms
[2606.998s][info][gc] GC(133) Pause Young (Allocation Failure) 8M->5M(11M) 0.224ms
[2635.017s][info][gc] GC(134) Pause Young (Allocation Failure) 8M->5M(11M) 0.214ms
[2663.035s][info][gc] GC(135) Pause Young (Allocation Failure) 8M->5M(11M) 0.185ms
[2691.056s][info][gc] GC(136) Pause Young (Allocation Failure) 8M->5M(11M) 0.189ms
[2718.304s][info][gc] GC(137) Pause Young (Allocation Failure) 8M->5M(11M) 0.236ms
[2747.091s][info][gc] GC(138) Pause Young (Allocation Failure) 8M->5M(11M) 0.288ms
[2775.114s][info][gc] GC(139) Pause Young (Allocation Failure) 8M->5M(11M) 0.239ms
[2803.143s][info][gc] GC(140) Pause Young (Allocation Failure) 8M->5M(11M) 0.257ms
[2831.162s][info][gc] GC(141) Pause Young (Allocation Failure) 8M->5M(11M) 0.242ms
[2859.187s][info][gc] GC(142) Pause Young (Allocation Failure) 8M->5M(11M) 0.250ms
[2887.393s][info][gc] GC(143) Pause Young (Allocation Failure) 8M->5M(11M) 0.276ms
[2916.229s][info][gc] GC(144) Pause Young (Allocation Failure) 8M->5M(11M) 0.229ms
[2944.251s][info][gc] GC(145) Pause Young (Allocation Failure) 8M->5M(11M) 0.230ms
[2972.281s][info][gc] GC(146) Pause Young (Allocation Failure) 8M->5M(11M) 0.208ms
[3000.302s][info][gc] GC(147) Pause Young (Allocation Failure) 8M->5M(11M) 0.195ms
[3027.327s][info][gc] GC(148) Pause Young (Allocation Failure) 8M->5M(11M) 0.359ms
[3055.470s][info][gc] GC(149) Pause Young (Allocation Failure) 8M->5M(11M) 0.397ms
[3084.382s][info][gc] GC(150) Pause Young (Allocation Failure) 8M->5M(11M) 0.341ms
[3112.406s][info][gc] GC(151) Pause Young (Allocation Failure) 8M->5M(11M) 0.349ms
[3140.431s][info][gc] GC(152) Pause Young (Allocation Failure) 8M->5M(11M) 0.320ms
[3168.456s][info][gc] GC(153) Pause Young (Allocation Failure) 8M->5M(11M) 0.414ms
[3196.479s][info][gc] GC(154) Pause Young (Allocation Failure) 8M->5M(11M) 0.321ms
[3224.524s][info][gc] GC(155) Pause Young (Allocation Failure) 8M->5M(11M) 0.378ms
[3253.521s][info][gc] GC(156) Pause Young (Allocation Failure) 8M->5M(11M) 0.325ms
